# quiet
#   Failed test 'should fail'
#   at t/shit/154.bogus.t line 38.
